[DEBUG] ===== Starting HYBRID Sampler Debug Run =====
[DEBUG] Configuration:
[DEBUG]   - dataset_path: nih_chest_xrays_light
[DEBUG]   - batch_size: 32
[DEBUG]   - epochs_per_iter: 80
[DEBUG]   - iterations: 10
[DEBUG]   - budget_per_iter: 1000
[DEBUG]   - test_sample_size: 1000
[DEBUG]   - seed: 42
[DEBUG]   - model_name: resnet18
[DEBUG] Hybrid params: {'badge_ratio': 0.5, 'badge_subsample': 20000, 'badge_fp16': False, 'coreset_subsample': 20000, 'l2_norm': True, 'dist_chunk': 2048}
[DEBUG] Setting up device...
[DEBUG] Using device: cuda
[DEBUG] CUDA available: True
[DEBUG] CUDA device count: 1
[DEBUG] Current CUDA device: 0

[DEBUG] Initializing HYBRID Sampler Pipeline...
Total image files found: 112120
Filtered dataset size: 112120
Label distribution:
 label
0    60361
1    51759
Name: count, dtype: int64
Starting fresh, initializing train set with 8652 samples
Loading pretrained ResNet18 model...
Initializing active learning pipeline with resnet18 model
80 epochs per iteration, 10 iterations and 1000 budget per iteration.
[DEBUG] HYBRID pipeline initialized successfully

[DEBUG] Starting HYBRID Active Learning Pipeline...
[DEBUG] ============================================================
Running active learning pipeline whith resnet18 model
Iteration 1/10
Train indices:  8652
Pool indices:  77872
Test indices:  1000
Training model
[CLASSIFIER] Reinitialized the final classifier head.
Epoch 1, Loss: 1.1585
Epoch 2, Loss: 1.1585
Epoch 3, Loss: 1.1585
Epoch 4, Loss: 1.1585
Epoch 5, Loss: 1.1585
Epoch 6, Loss: 1.1585
Epoch 7, Loss: 1.1585
Epoch 8, Loss: 1.1585
